Archive member included because of file (symbol)

c:/users/hp/desktop/nti/imt_sdk_win_64/winavr/bin/../lib/gcc/avr/4.3.3/avr5\libgcc.a(_divmodsi4.o)
                              ./COTS/HAL/LCD_program.o (__divmodsi4)
c:/users/hp/desktop/nti/imt_sdk_win_64/winavr/bin/../lib/gcc/avr/4.3.3/avr5\libgcc.a(_exit.o)
                              c:/users/hp/desktop/nti/imt_sdk_win_64/winavr/bin/../lib/gcc/avr/4.3.3/../../../../avr/lib/avr5/crtm32.o (exit)
c:/users/hp/desktop/nti/imt_sdk_win_64/winavr/bin/../lib/gcc/avr/4.3.3/avr5\libgcc.a(_copy_data.o)
                              ./COTS/HAL/KEYPAD_prog.o (__do_copy_data)
c:/users/hp/desktop/nti/imt_sdk_win_64/winavr/bin/../lib/gcc/avr/4.3.3/avr5\libgcc.a(_clear_bss.o)
                              ./COTS/MCAL/EXTI0_program.o (__do_clear_bss)
c:/users/hp/desktop/nti/imt_sdk_win_64/winavr/bin/../lib/gcc/avr/4.3.3/avr5\libgcc.a(_udivmodsi4.o)
                              c:/users/hp/desktop/nti/imt_sdk_win_64/winavr/bin/../lib/gcc/avr/4.3.3/avr5\libgcc.a(_divmodsi4.o) (__udivmodsi4)

Allocating common symbols
Common symbol       size              file

SPI_buffer          0x1               ./COTS/MCAL/spi_prog.o
SPI_Buffer_size     0x1               ./COTS/MCAL/spi_prog.o

Memory Configuration

Name             Origin             Length             Attributes
text             0x00000000         0x00020000         xr
data             0x00800060         0x0000ffa0         rw !x
eeprom           0x00810000         0x00010000         rw !x
fuse             0x00820000         0x00000400         rw !x
lock             0x00830000         0x00000400         rw !x
signature        0x00840000         0x00000400         rw !x
*default*        0x00000000         0xffffffff

Linker script and memory map

LOAD c:/users/hp/desktop/nti/imt_sdk_win_64/winavr/bin/../lib/gcc/avr/4.3.3/../../../../avr/lib/avr5/crtm32.o
LOAD ./COTS/MCAL/ADC.o
LOAD ./COTS/MCAL/DIO_program.o
LOAD ./COTS/MCAL/EXTI0_program.o
LOAD ./COTS/MCAL/GIE_program.o
LOAD ./COTS/MCAL/I2C_program.o
LOAD ./COTS/MCAL/Tim1_program.o
LOAD ./COTS/MCAL/Timer_prog.o
LOAD ./COTS/MCAL/spi_prog.o
LOAD ./COTS/MCAL/uart_prog.o
LOAD ./COTS/HAL/KEYPAD_prog.o
LOAD ./COTS/HAL/LCD_program.o
LOAD ./COTS/HAL/switch.o
LOAD ./COTS/APP/calc.o
LOAD ./COTS/APP/main.o
LOAD c:/users/hp/desktop/nti/imt_sdk_win_64/winavr/bin/../lib/gcc/avr/4.3.3/avr5\libgcc.a
LOAD c:/users/hp/desktop/nti/imt_sdk_win_64/winavr/bin/../lib/gcc/avr/4.3.3/../../../../avr/lib/avr5\libc.a
LOAD c:/users/hp/desktop/nti/imt_sdk_win_64/winavr/bin/../lib/gcc/avr/4.3.3/avr5\libgcc.a

.hash
 *(.hash)

.dynsym
 *(.dynsym)

.dynstr
 *(.dynstr)

.gnu.version
 *(.gnu.version)

.gnu.version_d
 *(.gnu.version_d)

.gnu.version_r
 *(.gnu.version_r)

.rel.init
 *(.rel.init)

.rela.init
 *(.rela.init)

.rel.text
 *(.rel.text)
 *(.rel.text.*)
 *(.rel.gnu.linkonce.t*)

.rela.text
 *(.rela.text)
 *(.rela.text.*)
 *(.rela.gnu.linkonce.t*)

.rel.fini
 *(.rel.fini)

.rela.fini
 *(.rela.fini)

.rel.rodata
 *(.rel.rodata)
 *(.rel.rodata.*)
 *(.rel.gnu.linkonce.r*)

.rela.rodata
 *(.rela.rodata)
 *(.rela.rodata.*)
 *(.rela.gnu.linkonce.r*)

.rel.data
 *(.rel.data)
 *(.rel.data.*)
 *(.rel.gnu.linkonce.d*)

.rela.data
 *(.rela.data)
 *(.rela.data.*)
 *(.rela.gnu.linkonce.d*)

.rel.ctors
 *(.rel.ctors)

.rela.ctors
 *(.rela.ctors)

.rel.dtors
 *(.rel.dtors)

.rela.dtors
 *(.rela.dtors)

.rel.got
 *(.rel.got)

.rela.got
 *(.rela.got)

.rel.bss
 *(.rel.bss)

.rela.bss
 *(.rela.bss)

.rel.plt
 *(.rel.plt)

.rela.plt
 *(.rela.plt)

.text           0x00000000      0xbce
 *(.vectors)
 .vectors       0x00000000       0x54 c:/users/hp/desktop/nti/imt_sdk_win_64/winavr/bin/../lib/gcc/avr/4.3.3/../../../../avr/lib/avr5/crtm32.o
                0x00000000                __vectors
                0x00000000                __vector_default
 *(.vectors)
 *(.progmem.gcc*)
 *(.progmem*)
                0x00000054                . = ALIGN (0x2)
                0x00000054                __trampolines_start = .
 *(.trampolines)
 .trampolines   0x00000054        0x0 linker stubs
 *(.trampolines*)
                0x00000054                __trampolines_end = .
 *(.jumptables)
 *(.jumptables*)
 *(.lowtext)
 *(.lowtext*)
                0x00000054                __ctors_start = .
 *(.ctors)
                0x00000054                __ctors_end = .
                0x00000054                __dtors_start = .
 *(.dtors)
                0x00000054                __dtors_end = .
 SORT(*)(.ctors)
 SORT(*)(.dtors)
 *(.init0)
 .init0         0x00000054        0x0 c:/users/hp/desktop/nti/imt_sdk_win_64/winavr/bin/../lib/gcc/avr/4.3.3/../../../../avr/lib/avr5/crtm32.o
                0x00000054                __init
 *(.init0)
 *(.init1)
 *(.init1)
 *(.init2)
 .init2         0x00000054        0xc c:/users/hp/desktop/nti/imt_sdk_win_64/winavr/bin/../lib/gcc/avr/4.3.3/../../../../avr/lib/avr5/crtm32.o
 *(.init2)
 *(.init3)
 *(.init3)
 *(.init4)
 .init4         0x00000060       0x16 c:/users/hp/desktop/nti/imt_sdk_win_64/winavr/bin/../lib/gcc/avr/4.3.3/avr5\libgcc.a(_copy_data.o)
                0x00000060                __do_copy_data
 .init4         0x00000076       0x10 c:/users/hp/desktop/nti/imt_sdk_win_64/winavr/bin/../lib/gcc/avr/4.3.3/avr5\libgcc.a(_clear_bss.o)
                0x00000076                __do_clear_bss
 *(.init4)
 *(.init5)
 *(.init5)
 *(.init6)
 *(.init6)
 *(.init7)
 *(.init7)
 *(.init8)
 *(.init8)
 *(.init9)
 .init9         0x00000086        0x8 c:/users/hp/desktop/nti/imt_sdk_win_64/winavr/bin/../lib/gcc/avr/4.3.3/../../../../avr/lib/avr5/crtm32.o
 *(.init9)
 *(.text)
 .text          0x0000008e        0x4 c:/users/hp/desktop/nti/imt_sdk_win_64/winavr/bin/../lib/gcc/avr/4.3.3/../../../../avr/lib/avr5/crtm32.o
                0x0000008e                __vector_1
                0x0000008e                __vector_12
                0x0000008e                __bad_interrupt
                0x0000008e                __vector_3
                0x0000008e                __vector_13
                0x0000008e                __vector_17
                0x0000008e                __vector_19
                0x0000008e                __vector_7
                0x0000008e                __vector_5
                0x0000008e                __vector_4
                0x0000008e                __vector_9
                0x0000008e                __vector_15
                0x0000008e                __vector_8
                0x0000008e                __vector_14
                0x0000008e                __vector_10
                0x0000008e                __vector_16
                0x0000008e                __vector_18
                0x0000008e                __vector_20
 .text          0x00000092        0x0 ./COTS/MCAL/ADC.o
 .text          0x00000092        0x0 ./COTS/MCAL/DIO_program.o
 .text          0x00000092        0x0 ./COTS/MCAL/EXTI0_program.o
 .text          0x00000092        0x0 ./COTS/MCAL/GIE_program.o
 .text          0x00000092        0x0 ./COTS/MCAL/I2C_program.o
 .text          0x00000092        0x0 ./COTS/MCAL/Tim1_program.o
 .text          0x00000092        0x0 ./COTS/MCAL/Timer_prog.o
 .text          0x00000092        0x0 ./COTS/MCAL/spi_prog.o
 .text          0x00000092        0x0 ./COTS/MCAL/uart_prog.o
 .text          0x00000092        0x0 ./COTS/HAL/KEYPAD_prog.o
 .text          0x00000092        0x0 ./COTS/HAL/LCD_program.o
 .text          0x00000092        0x0 ./COTS/HAL/switch.o
 .text          0x00000092        0x0 ./COTS/APP/calc.o
 .text          0x00000092        0x0 ./COTS/APP/main.o
 .text          0x00000092        0x0 c:/users/hp/desktop/nti/imt_sdk_win_64/winavr/bin/../lib/gcc/avr/4.3.3/avr5\libgcc.a(_divmodsi4.o)
 .text          0x00000092        0x0 c:/users/hp/desktop/nti/imt_sdk_win_64/winavr/bin/../lib/gcc/avr/4.3.3/avr5\libgcc.a(_exit.o)
 .text          0x00000092        0x0 c:/users/hp/desktop/nti/imt_sdk_win_64/winavr/bin/../lib/gcc/avr/4.3.3/avr5\libgcc.a(_copy_data.o)
 .text          0x00000092        0x0 c:/users/hp/desktop/nti/imt_sdk_win_64/winavr/bin/../lib/gcc/avr/4.3.3/avr5\libgcc.a(_clear_bss.o)
 .text          0x00000092        0x0 c:/users/hp/desktop/nti/imt_sdk_win_64/winavr/bin/../lib/gcc/avr/4.3.3/avr5\libgcc.a(_udivmodsi4.o)
                0x00000092                . = ALIGN (0x2)
 *(.text.*)
 .text.ADC_voidInit
                0x00000092       0x18 ./COTS/MCAL/ADC.o
                0x00000092                ADC_voidInit
 .text.ADC_voidInterrputEnable
                0x000000aa        0x4 ./COTS/MCAL/ADC.o
                0x000000aa                ADC_voidInterrputEnable
 .text.ADC_voidEnable
                0x000000ae        0x4 ./COTS/MCAL/ADC.o
                0x000000ae                ADC_voidEnable
 .text.ADC_voidDisable
                0x000000b2        0x4 ./COTS/MCAL/ADC.o
                0x000000b2                ADC_voidDisable
 .text.ADC_voidStartConversion
                0x000000b6        0x4 ./COTS/MCAL/ADC.o
                0x000000b6                ADC_voidStartConversion
 .text.ADC_u16ReadADCInMV
                0x000000ba       0x10 ./COTS/MCAL/ADC.o
                0x000000ba                ADC_u16ReadADCInMV
 .text.DIO_init
                0x000000ca        0xc ./COTS/MCAL/DIO_program.o
                0x000000ca                DIO_init
 .text.DIO_voidSetPinDirection
                0x000000d6       0xf2 ./COTS/MCAL/DIO_program.o
                0x000000d6                DIO_voidSetPinDirection
 .text.DIO_voidSetPinValue
                0x000001c8       0xf2 ./COTS/MCAL/DIO_program.o
                0x000001c8                DIO_voidSetPinValue
 .text.DIO_u8GetPinValue
                0x000002ba       0x2a ./COTS/MCAL/DIO_program.o
                0x000002ba                DIO_u8GetPinValue
 .text.DIO_voidSetPortDirection
                0x000002e4       0x22 ./COTS/MCAL/DIO_program.o
                0x000002e4                DIO_voidSetPortDirection
 .text.DIO_voidSetPortValue
                0x00000306       0x22 ./COTS/MCAL/DIO_program.o
                0x00000306                DIO_voidSetPortValue
 .text.EXTI1_voidInit
                0x00000328        0xe ./COTS/MCAL/EXTI0_program.o
                0x00000328                EXTI1_voidInit
 .text.EXTI1_voidEnable
                0x00000336        0x8 ./COTS/MCAL/EXTI0_program.o
                0x00000336                EXTI1_voidEnable
 .text.EXTI1_voidDisable
                0x0000033e        0x8 ./COTS/MCAL/EXTI0_program.o
                0x0000033e                EXTI1_voidDisable
 .text.EXT1_VID_SET_CALL_BACK
                0x00000346        0xa ./COTS/MCAL/EXTI0_program.o
                0x00000346                EXT1_VID_SET_CALL_BACK
 .text.__vector_2
                0x00000350       0x4e ./COTS/MCAL/EXTI0_program.o
                0x00000350                __vector_2
 .text.GIE_voidEnable
                0x0000039e        0x8 ./COTS/MCAL/GIE_program.o
                0x0000039e                GIE_voidEnable
 .text.GIE_voidDisable
                0x000003a6        0x8 ./COTS/MCAL/GIE_program.o
                0x000003a6                GIE_voidDisable
 .text.I2C_Master_voidInit
                0x000003ae       0x16 ./COTS/MCAL/I2C_program.o
                0x000003ae                I2C_Master_voidInit
 .text.I2C_Slave_voidInit
                0x000003c4       0x18 ./COTS/MCAL/I2C_program.o
                0x000003c4                I2C_Slave_voidInit
 .text.I2C_Master_enuSendStartCond
                0x000003dc       0x22 ./COTS/MCAL/I2C_program.o
                0x000003dc                I2C_Master_enuSendStartCond
 .text.I2C_Master_enuSendRepeatedStartCond
                0x000003fe       0x22 ./COTS/MCAL/I2C_program.o
                0x000003fe                I2C_Master_enuSendRepeatedStartCond
 .text.I2C_Master_enuSendSlaveAddressWithRead
                0x00000420       0x28 ./COTS/MCAL/I2C_program.o
                0x00000420                I2C_Master_enuSendSlaveAddressWithRead
 .text.I2C_Master_enuSendSlaveAddressWithWrite
                0x00000448       0x24 ./COTS/MCAL/I2C_program.o
                0x00000448                I2C_Master_enuSendSlaveAddressWithWrite
 .text.I2C_Master_enuSendu8Data
                0x0000046c       0x1e ./COTS/MCAL/I2C_program.o
                0x0000046c                I2C_Master_enuSendu8Data
 .text.I2C_Master_enuReadu8Data
                0x0000048a       0x28 ./COTS/MCAL/I2C_program.o
                0x0000048a                I2C_Master_enuReadu8Data
 .text.I2C_Master_enuSendStopCond
                0x000004b2        0xe ./COTS/MCAL/I2C_program.o
                0x000004b2                I2C_Master_enuSendStopCond
 .text.I2C_Slave_enuReadu8Data
                0x000004c0       0x28 ./COTS/MCAL/I2C_program.o
                0x000004c0                I2C_Slave_enuReadu8Data
 .text.Tim1Init
                0x000004e8       0x22 ./COTS/MCAL/Tim1_program.o
                0x000004e8                Tim1Init
 .text.Tim1_SetRisingEdge
                0x0000050a        0x8 ./COTS/MCAL/Tim1_program.o
                0x0000050a                Tim1_SetRisingEdge
 .text.Tim1_SetFailingEdge
                0x00000512        0x8 ./COTS/MCAL/Tim1_program.o
                0x00000512                Tim1_SetFailingEdge
 .text.Tim1_GetValue
                0x0000051a        0x8 ./COTS/MCAL/Tim1_program.o
                0x0000051a                Tim1_GetValue
 .text.Tim1_VID_SET_CALL_BACK
                0x00000522        0xa ./COTS/MCAL/Tim1_program.o
                0x00000522                Tim1_VID_SET_CALL_BACK
 .text.__vector_6
                0x0000052c       0x4e ./COTS/MCAL/Tim1_program.o
                0x0000052c                __vector_6
 .text.CounterInit
                0x0000057a       0x16 ./COTS/MCAL/Timer_prog.o
                0x0000057a                CounterInit
 .text.Tim0Init
                0x00000590       0x22 ./COTS/MCAL/Timer_prog.o
                0x00000590                Tim0Init
 .text.TIM0_voidSetTimerReg
                0x000005b2        0x4 ./COTS/MCAL/Timer_prog.o
                0x000005b2                TIM0_voidSetTimerReg
 .text.TIM0_voidSetCompareVal
                0x000005b6        0x4 ./COTS/MCAL/Timer_prog.o
                0x000005b6                TIM0_voidSetCompareVal
 .text.CounterGetValue
                0x000005ba        0x4 ./COTS/MCAL/Timer_prog.o
                0x000005ba                CounterGetValue
 .text.Tim0_VID_SET_CALL_BACK
                0x000005be        0xa ./COTS/MCAL/Timer_prog.o
                0x000005be                Tim0_VID_SET_CALL_BACK
 .text.__vector_11
                0x000005c8       0x4e ./COTS/MCAL/Timer_prog.o
                0x000005c8                __vector_11
 .text.WDG_On   0x00000616       0x1a ./COTS/MCAL/Timer_prog.o
                0x00000616                WDG_On
 .text.WDG_Off  0x00000630        0xe ./COTS/MCAL/Timer_prog.o
                0x00000630                WDG_Off
 .text.WDG_Refresh
                0x0000063e        0x4 ./COTS/MCAL/Timer_prog.o
                0x0000063e                WDG_Refresh
 .text.SPI_voidSetCallBack
                0x00000642        0xa ./COTS/MCAL/spi_prog.o
                0x00000642                SPI_voidSetCallBack
 .text.SPI_voidSendDataISR
                0x0000064c        0x2 ./COTS/MCAL/spi_prog.o
                0x0000064c                SPI_voidSendDataISR
 .text.SPI_u8Send
                0x0000064e        0x8 ./COTS/MCAL/spi_prog.o
                0x0000064e                SPI_u8Send
 .text.SPI_u8Recieve
                0x00000656        0x8 ./COTS/MCAL/spi_prog.o
                0x00000656                SPI_u8Recieve
 .text.SPI_voidMasterInit
                0x0000065e        0xc ./COTS/MCAL/spi_prog.o
                0x0000065e                SPI_voidMasterInit
 .text.SPI_voidSlaveInit
                0x0000066a        0xc ./COTS/MCAL/spi_prog.o
                0x0000066a                SPI_voidSlaveInit
 .text.USART_Init
                0x00000676        0xa ./COTS/MCAL/uart_prog.o
                0x00000676                USART_Init
 .text.USART_Transmit
                0x00000680        0x8 ./COTS/MCAL/uart_prog.o
                0x00000680                USART_Transmit
 .text.USART_Receive
                0x00000688        0x8 ./COTS/MCAL/uart_prog.o
                0x00000688                USART_Receive
 .text.KEYPAD_GetKey
                0x00000690       0xa6 ./COTS/HAL/KEYPAD_prog.o
                0x00000690                KEYPAD_GetKey
 .text.KEYPAD_init
                0x00000736       0xa2 ./COTS/HAL/KEYPAD_prog.o
                0x00000736                KEYPAD_init
 .text.LCD_SendCommand
                0x000007d8       0xe2 ./COTS/HAL/LCD_program.o
                0x000007d8                LCD_SendCommand
 .text.GoToXY   0x000008ba       0x1c ./COTS/HAL/LCD_program.o
                0x000008ba                GoToXY
 .text.LCD_sendChar
                0x000008d6       0xda ./COTS/HAL/LCD_program.o
                0x000008d6                LCD_sendChar
 .text.LCD_voidWriteNumber
                0x000009b0       0xea ./COTS/HAL/LCD_program.o
                0x000009b0                LCD_voidWriteNumber
 .text.LCD_SendString
                0x00000a9a       0x2c ./COTS/HAL/LCD_program.o
                0x00000a9a                LCD_SendString
 .text.LCD_init
                0x00000ac6       0x6a ./COTS/HAL/LCD_program.o
                0x00000ac6                LCD_init
 .text.main     0x00000b30       0x20 ./COTS/APP/main.o
                0x00000b30                main
 .text.libgcc   0x00000b50       0x36 c:/users/hp/desktop/nti/imt_sdk_win_64/winavr/bin/../lib/gcc/avr/4.3.3/avr5\libgcc.a(_divmodsi4.o)
                0x00000b50                __divmodsi4
 .text.libgcc   0x00000b86        0x0 c:/users/hp/desktop/nti/imt_sdk_win_64/winavr/bin/../lib/gcc/avr/4.3.3/avr5\libgcc.a(_exit.o)
 .text.libgcc   0x00000b86        0x0 c:/users/hp/desktop/nti/imt_sdk_win_64/winavr/bin/../lib/gcc/avr/4.3.3/avr5\libgcc.a(_copy_data.o)
 .text.libgcc   0x00000b86        0x0 c:/users/hp/desktop/nti/imt_sdk_win_64/winavr/bin/../lib/gcc/avr/4.3.3/avr5\libgcc.a(_clear_bss.o)
 .text.libgcc   0x00000b86       0x44 c:/users/hp/desktop/nti/imt_sdk_win_64/winavr/bin/../lib/gcc/avr/4.3.3/avr5\libgcc.a(_udivmodsi4.o)
                0x00000b86                __udivmodsi4
                0x00000bca                . = ALIGN (0x2)
 *(.fini9)
 .fini9         0x00000bca        0x0 c:/users/hp/desktop/nti/imt_sdk_win_64/winavr/bin/../lib/gcc/avr/4.3.3/avr5\libgcc.a(_exit.o)
                0x00000bca                exit
                0x00000bca                _exit
 *(.fini9)
 *(.fini8)
 *(.fini8)
 *(.fini7)
 *(.fini7)
 *(.fini6)
 *(.fini6)
 *(.fini5)
 *(.fini5)
 *(.fini4)
 *(.fini4)
 *(.fini3)
 *(.fini3)
 *(.fini2)
 *(.fini2)
 *(.fini1)
 *(.fini1)
 *(.fini0)
 .fini0         0x00000bca        0x4 c:/users/hp/desktop/nti/imt_sdk_win_64/winavr/bin/../lib/gcc/avr/4.3.3/avr5\libgcc.a(_exit.o)
 *(.fini0)
                0x00000bce                _etext = .

.data           0x00800060       0x10 load address 0x00000bce
                0x00800060                PROVIDE (__data_start, .)
 *(.data)
 .data          0x00800060        0x0 c:/users/hp/desktop/nti/imt_sdk_win_64/winavr/bin/../lib/gcc/avr/4.3.3/../../../../avr/lib/avr5/crtm32.o
 .data          0x00800060        0x0 ./COTS/MCAL/ADC.o
 .data          0x00800060        0x0 ./COTS/MCAL/DIO_program.o
 .data          0x00800060        0x0 ./COTS/MCAL/EXTI0_program.o
 .data          0x00800060        0x0 ./COTS/MCAL/GIE_program.o
 .data          0x00800060        0x0 ./COTS/MCAL/I2C_program.o
 .data          0x00800060        0x0 ./COTS/MCAL/Tim1_program.o
 .data          0x00800060        0x0 ./COTS/MCAL/Timer_prog.o
 .data          0x00800060        0x0 ./COTS/MCAL/spi_prog.o
 .data          0x00800060        0x0 ./COTS/MCAL/uart_prog.o
 .data          0x00800060        0x0 ./COTS/HAL/KEYPAD_prog.o
 .data          0x00800060        0x0 ./COTS/HAL/LCD_program.o
 .data          0x00800060        0x0 ./COTS/HAL/switch.o
 .data          0x00800060        0x0 ./COTS/APP/calc.o
 .data          0x00800060        0x0 ./COTS/APP/main.o
 .data          0x00800060        0x0 c:/users/hp/desktop/nti/imt_sdk_win_64/winavr/bin/../lib/gcc/avr/4.3.3/avr5\libgcc.a(_divmodsi4.o)
 .data          0x00800060        0x0 c:/users/hp/desktop/nti/imt_sdk_win_64/winavr/bin/../lib/gcc/avr/4.3.3/avr5\libgcc.a(_exit.o)
 .data          0x00800060        0x0 c:/users/hp/desktop/nti/imt_sdk_win_64/winavr/bin/../lib/gcc/avr/4.3.3/avr5\libgcc.a(_copy_data.o)
 .data          0x00800060        0x0 c:/users/hp/desktop/nti/imt_sdk_win_64/winavr/bin/../lib/gcc/avr/4.3.3/avr5\libgcc.a(_clear_bss.o)
 .data          0x00800060        0x0 c:/users/hp/desktop/nti/imt_sdk_win_64/winavr/bin/../lib/gcc/avr/4.3.3/avr5\libgcc.a(_udivmodsi4.o)
 *(.data*)
 .data.KEYs     0x00800060       0x10 ./COTS/HAL/KEYPAD_prog.o
                0x00800060                KEYs
 *(.rodata)
 *(.rodata*)
 *(.gnu.linkonce.d*)
                0x00800070                . = ALIGN (0x2)
                0x00800070                _edata = .
                0x00800070                PROVIDE (__data_end, .)

.bss            0x00800070        0xc
                0x00800070                PROVIDE (__bss_start, .)
 *(.bss)
 .bss           0x00800070        0x0 c:/users/hp/desktop/nti/imt_sdk_win_64/winavr/bin/../lib/gcc/avr/4.3.3/../../../../avr/lib/avr5/crtm32.o
 .bss           0x00800070        0x0 ./COTS/MCAL/ADC.o
 .bss           0x00800070        0x0 ./COTS/MCAL/DIO_program.o
 .bss           0x00800070        0x0 ./COTS/MCAL/EXTI0_program.o
 .bss           0x00800070        0x0 ./COTS/MCAL/GIE_program.o
 .bss           0x00800070        0x0 ./COTS/MCAL/I2C_program.o
 .bss           0x00800070        0x0 ./COTS/MCAL/Tim1_program.o
 .bss           0x00800070        0x0 ./COTS/MCAL/Timer_prog.o
 .bss           0x00800070        0x0 ./COTS/MCAL/spi_prog.o
 .bss           0x00800070        0x0 ./COTS/MCAL/uart_prog.o
 .bss           0x00800070        0x0 ./COTS/HAL/KEYPAD_prog.o
 .bss           0x00800070        0x0 ./COTS/HAL/LCD_program.o
 .bss           0x00800070        0x0 ./COTS/HAL/switch.o
 .bss           0x00800070        0x0 ./COTS/APP/calc.o
 .bss           0x00800070        0x0 ./COTS/APP/main.o
 .bss           0x00800070        0x0 c:/users/hp/desktop/nti/imt_sdk_win_64/winavr/bin/../lib/gcc/avr/4.3.3/avr5\libgcc.a(_divmodsi4.o)
 .bss           0x00800070        0x0 c:/users/hp/desktop/nti/imt_sdk_win_64/winavr/bin/../lib/gcc/avr/4.3.3/avr5\libgcc.a(_exit.o)
 .bss           0x00800070        0x0 c:/users/hp/desktop/nti/imt_sdk_win_64/winavr/bin/../lib/gcc/avr/4.3.3/avr5\libgcc.a(_copy_data.o)
 .bss           0x00800070        0x0 c:/users/hp/desktop/nti/imt_sdk_win_64/winavr/bin/../lib/gcc/avr/4.3.3/avr5\libgcc.a(_clear_bss.o)
 .bss           0x00800070        0x0 c:/users/hp/desktop/nti/imt_sdk_win_64/winavr/bin/../lib/gcc/avr/4.3.3/avr5\libgcc.a(_udivmodsi4.o)
 *(.bss*)
 .bss.EXT1_callback_PTR
                0x00800070        0x2 ./COTS/MCAL/EXTI0_program.o
                0x00800070                EXT1_callback_PTR
 .bss.Tim1_callback_PTR
                0x00800072        0x2 ./COTS/MCAL/Tim1_program.o
                0x00800072                Tim1_callback_PTR
 .bss.callback_PTR
                0x00800074        0x2 ./COTS/MCAL/Timer_prog.o
                0x00800074                callback_PTR
 .bss.SPI_Read  0x00800076        0x2 ./COTS/MCAL/spi_prog.o
                0x00800076                SPI_Read
 .bss.SPI_Index
                0x00800078        0x1 ./COTS/MCAL/spi_prog.o
                0x00800078                SPI_Index
 .bss.busy_flag
                0x00800079        0x1 ./COTS/MCAL/spi_prog.o
                0x00800079                busy_flag
 *(COMMON)
 COMMON         0x0080007a        0x2 ./COTS/MCAL/spi_prog.o
                0x0080007a                SPI_buffer
                0x0080007b                SPI_Buffer_size
                0x0080007c                PROVIDE (__bss_end, .)
                0x00000bce                __data_load_start = LOADADDR (.data)
                0x00000bde                __data_load_end = (__data_load_start + SIZEOF (.data))

.noinit         0x0080007c        0x0
                0x0080007c                PROVIDE (__noinit_start, .)
 *(.noinit*)
                0x0080007c                PROVIDE (__noinit_end, .)
                0x0080007c                _end = .
                0x0080007c                PROVIDE (__heap_start, .)

.eeprom         0x00810000        0x0
 *(.eeprom*)
                0x00810000                __eeprom_end = .

.fuse
 *(.fuse)
 *(.lfuse)
 *(.hfuse)
 *(.efuse)

.lock
 *(.lock*)

.signature
 *(.signature*)

.stab           0x00000000     0x2a6c
 *(.stab)
 .stab          0x00000000      0x33c ./COTS/MCAL/ADC.o
 .stab          0x0000033c      0x444 ./COTS/MCAL/DIO_program.o
                                0x4bc (size before relaxing)
 .stab          0x00000780      0x1f8 ./COTS/MCAL/EXTI0_program.o
                                0x270 (size before relaxing)
 .stab          0x00000978      0x144 ./COTS/MCAL/GIE_program.o
                                0x1bc (size before relaxing)
 .stab          0x00000abc      0x5a0 ./COTS/MCAL/I2C_program.o
                                0x618 (size before relaxing)
 .stab          0x0000105c      0x258 ./COTS/MCAL/Tim1_program.o
                                0x2d0 (size before relaxing)
 .stab          0x000012b4      0x384 ./COTS/MCAL/Timer_prog.o
                                0x3fc (size before relaxing)
 .stab          0x00001638      0x2d0 ./COTS/MCAL/spi_prog.o
                                0x348 (size before relaxing)
 .stab          0x00001908      0x1b0 ./COTS/MCAL/uart_prog.o
                                0x228 (size before relaxing)
 .stab          0x00001ab8      0x5ac ./COTS/HAL/KEYPAD_prog.o
                                0x5b8 (size before relaxing)
 .stab          0x00002064      0x6c0 ./COTS/HAL/LCD_program.o
                                0x858 (size before relaxing)
 .stab          0x00002724       0xd8 ./COTS/HAL/switch.o
                                 0xe4 (size before relaxing)
 .stab          0x000027fc       0xd8 ./COTS/APP/calc.o
                                 0xe4 (size before relaxing)
 .stab          0x000028d4      0x198 ./COTS/APP/main.o
                                0x39c (size before relaxing)

.stabstr        0x00000000     0x130b
 *(.stabstr)
 .stabstr       0x00000000     0x130b ./COTS/MCAL/ADC.o

.stab.excl
 *(.stab.excl)

.stab.exclstr
 *(.stab.exclstr)

.stab.index
 *(.stab.index)

.stab.indexstr
 *(.stab.indexstr)

.comment
 *(.comment)

.debug
 *(.debug)

.line
 *(.line)

.debug_srcinfo
 *(.debug_srcinfo)

.debug_sfnames
 *(.debug_sfnames)

.debug_aranges
 *(.debug_aranges)

.debug_pubnames
 *(.debug_pubnames)

.debug_info
 *(.debug_info)
 *(.gnu.linkonce.wi.*)

.debug_abbrev
 *(.debug_abbrev)

.debug_line
 *(.debug_line)

.debug_frame
 *(.debug_frame)

.debug_str
 *(.debug_str)

.debug_loc
 *(.debug_loc)

.debug_macinfo
 *(.debug_macinfo)
OUTPUT(NTIII.elf elf32-avr)
LOAD linker stubs
